#Test creating a node
created node n1 with cost 2
created node n2 with cost 20
created graph A
added node n1 to A
added node n2 to A
