#Test creating a node
created node n1 with cost 2
